usage: videoDetectorWithOutput.py [-h] --video_path VIDEO_PATH --yolo_weights
                                  YOLO_WEIGHTS --output_file OUTPUT_FILE
                                  [--apriori_classes APRIORI_CLASSES [APRIORI_CLASSES ...]]
                                  [--apriori_class_names APRIORI_CLASS_NAMES [APRIORI_CLASS_NAMES ...]]
                                  [--save_video] [--output_video OUTPUT_VIDEO]
                                  [--max_frames MAX_FRAMES] [--no_progress]
videoDetectorWithOutput.py: error: unrecognized arguments:  
usage: videoDetectorWithOutput.py [-h] --video_path VIDEO_PATH --yolo_weights
                                  YOLO_WEIGHTS --output_file OUTPUT_FILE
                                  [--apriori_classes APRIORI_CLASSES [APRIORI_CLASSES ...]]
                                  [--apriori_class_names APRIORI_CLASS_NAMES [APRIORI_CLASS_NAMES ...]]
                                  [--save_video] [--output_video OUTPUT_VIDEO]
                                  [--max_frames MAX_FRAMES] [--no_progress]
videoDetectorWithOutput.py: error: unrecognized arguments:  
usage: videoDetectorWithOutput.py [-h] --video_path VIDEO_PATH --yolo_weights
                                  YOLO_WEIGHTS --output_file OUTPUT_FILE
                                  [--apriori_classes APRIORI_CLASSES [APRIORI_CLASSES ...]]
                                  [--apriori_class_names APRIORI_CLASS_NAMES [APRIORI_CLASS_NAMES ...]]
                                  [--save_video] [--output_video OUTPUT_VIDEO]
                                  [--max_frames MAX_FRAMES] [--no_progress]
videoDetectorWithOutput.py: error: unrecognized arguments:  
usage: videoDetectorWithOutput.py [-h] --video_path VIDEO_PATH --yolo_weights
                                  YOLO_WEIGHTS --output_file OUTPUT_FILE
                                  [--apriori_classes APRIORI_CLASSES [APRIORI_CLASSES ...]]
                                  [--apriori_class_names APRIORI_CLASS_NAMES [APRIORI_CLASS_NAMES ...]]
                                  [--save_video] [--output_video OUTPUT_VIDEO]
                                  [--max_frames MAX_FRAMES] [--no_progress]
videoDetectorWithOutput.py: error: unrecognized arguments:  
usage: videoDetectorWithOutput.py [-h] --video_path VIDEO_PATH --yolo_weights
                                  YOLO_WEIGHTS --output_file OUTPUT_FILE
                                  [--apriori_classes APRIORI_CLASSES [APRIORI_CLASSES ...]]
                                  [--apriori_class_names APRIORI_CLASS_NAMES [APRIORI_CLASS_NAMES ...]]
                                  [--save_video] [--output_video OUTPUT_VIDEO]
                                  [--max_frames MAX_FRAMES] [--no_progress]
videoDetectorWithOutput.py: error: unrecognized arguments:  
usage: videoDetectorWithOutput.py [-h] --video_path VIDEO_PATH --yolo_weights
                                  YOLO_WEIGHTS --output_file OUTPUT_FILE
                                  [--apriori_classes APRIORI_CLASSES [APRIORI_CLASSES ...]]
                                  [--apriori_class_names APRIORI_CLASS_NAMES [APRIORI_CLASS_NAMES ...]]
                                  [--save_video] [--output_video OUTPUT_VIDEO]
                                  [--max_frames MAX_FRAMES] [--no_progress]
videoDetectorWithOutput.py: error: unrecognized arguments:  
usage: videoDetectorWithOutput.py [-h] --video_path VIDEO_PATH --yolo_weights
                                  YOLO_WEIGHTS --output_file OUTPUT_FILE
                                  [--apriori_classes APRIORI_CLASSES [APRIORI_CLASSES ...]]
                                  [--apriori_class_names APRIORI_CLASS_NAMES [APRIORI_CLASS_NAMES ...]]
                                  [--save_video] [--output_video OUTPUT_VIDEO]
                                  [--max_frames MAX_FRAMES] [--no_progress]
videoDetectorWithOutput.py: error: unrecognized arguments:  
usage: videoDetectorWithOutput.py [-h] --video_path VIDEO_PATH --yolo_weights
                                  YOLO_WEIGHTS --output_file OUTPUT_FILE
                                  [--apriori_classes APRIORI_CLASSES [APRIORI_CLASSES ...]]
                                  [--apriori_class_names APRIORI_CLASS_NAMES [APRIORI_CLASS_NAMES ...]]
                                  [--save_video] [--output_video OUTPUT_VIDEO]
                                  [--max_frames MAX_FRAMES] [--no_progress]
videoDetectorWithOutput.py: error: unrecognized arguments:  
usage: videoDetectorWithOutput.py [-h] --video_path VIDEO_PATH --yolo_weights
                                  YOLO_WEIGHTS --output_file OUTPUT_FILE
                                  [--apriori_classes APRIORI_CLASSES [APRIORI_CLASSES ...]]
                                  [--apriori_class_names APRIORI_CLASS_NAMES [APRIORI_CLASS_NAMES ...]]
                                  [--save_video] [--output_video OUTPUT_VIDEO]
                                  [--max_frames MAX_FRAMES] [--no_progress]
videoDetectorWithOutput.py: error: unrecognized arguments:  
usage: videoDetectorWithOutput.py [-h] --video_path VIDEO_PATH --yolo_weights
                                  YOLO_WEIGHTS --output_file OUTPUT_FILE
                                  [--apriori_classes APRIORI_CLASSES [APRIORI_CLASSES ...]]
                                  [--apriori_class_names APRIORI_CLASS_NAMES [APRIORI_CLASS_NAMES ...]]
                                  [--save_video] [--output_video OUTPUT_VIDEO]
                                  [--max_frames MAX_FRAMES] [--no_progress]
videoDetectorWithOutput.py: error: unrecognized arguments:  
